// Jest Snapshot v1, https://goo.gl/fbAQLP

exports[`tests on <Board/> should render <Board/> correctly 1`] = `
<div
  className="MuiBox-root MuiBox-root-8 makeStyles-boardMain-1"
>
  <div
    className="MuiBox-root MuiBox-root-15 makeStyles-header-9"
  >
    <div
      className="MuiBox-root MuiBox-root-16 makeStyles-titleBox-10"
    >
      <h3
        className="MuiTypography-root makeStyles-title-11 MuiTypography-h3"
      >
        Rock
      </h3>
      <h3
        className="MuiTypography-root makeStyles-title-11 MuiTypography-h3"
      >
        Paper
      </h3>
      <h3
        className="MuiTypography-root makeStyles-title-11 MuiTypography-h3"
      >
        Scissors
      </h3>
    </div>
    <div
      className="MuiBox-root MuiBox-root-17 makeStyles-scoreBox-12"
    >
      <h3
        className="MuiTypography-root makeStyles-scoreTitle-13 MuiTypography-h3"
      >
        score
      </h3>
      <h3
        className="MuiTypography-root makeStyles-score-14 MuiTypography-h3"
      >
        0
      </h3>
    </div>
  </div>
  <div
    className="MuiBox-root MuiBox-root-18 makeStyles-boardContent-2"
  >
    <div
      className="MuiBox-root MuiBox-root-19 makeStyles-btnsContainer-4"
    >
      <div
        className="MuiBox-root MuiBox-root-20 makeStyles-btnPaper-6"
      >
        <div
          className="MuiBox-root MuiBox-root-34 makeStyles-main-21"
        >
          <a
            aria-disabled={false}
            className="MuiButtonBase-root MuiIconButton-root makeStyles-btn-22 makeStyles-btnPaper-29"
            href="/game"
            onBlur={[Function]}
            onClick={[Function]}
            onDragLeave={[Function]}
            onFocus={[Function]}
            onKeyDown={[Function]}
            onKeyUp={[Function]}
            onMouseDown={[Function]}
            onMouseLeave={[Function]}
            onMouseUp={[Function]}
            onTouchEnd={[Function]}
            onTouchMove={[Function]}
            onTouchStart={[Function]}
            role="button"
            tabIndex={0}
          >
            <span
              className="MuiIconButton-label"
            >
              <div
                className="MuiBox-root MuiBox-root-35 makeStyles-iconContainer-26"
              >
                <img
                  alt="pick btn"
                  className="makeStyles-icon-24"
                  src="icon-paper.svg"
                />
              </div>
            </span>
            <span
              className="MuiTouchRipple-root"
            />
          </a>
        </div>
      </div>
      <div
        className="MuiBox-root MuiBox-root-36 makeStyles-btnRock-5"
      >
        <div
          className="MuiBox-root MuiBox-root-37 makeStyles-main-21"
        >
          <a
            aria-disabled={false}
            className="MuiButtonBase-root MuiIconButton-root makeStyles-btn-22 makeStyles-btnRock-28"
            href="/game"
            onBlur={[Function]}
            onClick={[Function]}
            onDragLeave={[Function]}
            onFocus={[Function]}
            onKeyDown={[Function]}
            onKeyUp={[Function]}
            onMouseDown={[Function]}
            onMouseLeave={[Function]}
            onMouseUp={[Function]}
            onTouchEnd={[Function]}
            onTouchMove={[Function]}
            onTouchStart={[Function]}
            role="button"
            tabIndex={0}
          >
            <span
              className="MuiIconButton-label"
            >
              <div
                className="MuiBox-root MuiBox-root-38 makeStyles-iconContainer-26"
              >
                <img
                  alt="pick btn"
                  className="makeStyles-icon-24"
                  src="icon-rock.svg"
                />
              </div>
            </span>
            <span
              className="MuiTouchRipple-root"
            />
          </a>
        </div>
      </div>
      <div
        className="MuiBox-root MuiBox-root-39 makeStyles-btnScissors-7"
      >
        <div
          className="MuiBox-root MuiBox-root-40 makeStyles-main-21"
        >
          <a
            aria-disabled={false}
            className="MuiButtonBase-root MuiIconButton-root makeStyles-btn-22 makeStyles-btnScissors-30"
            href="/game"
            onBlur={[Function]}
            onClick={[Function]}
            onDragLeave={[Function]}
            onFocus={[Function]}
            onKeyDown={[Function]}
            onKeyUp={[Function]}
            onMouseDown={[Function]}
            onMouseLeave={[Function]}
            onMouseUp={[Function]}
            onTouchEnd={[Function]}
            onTouchMove={[Function]}
            onTouchStart={[Function]}
            role="button"
            tabIndex={0}
          >
            <span
              className="MuiIconButton-label"
            >
              <div
                className="MuiBox-root MuiBox-root-41 makeStyles-iconContainer-26"
              >
                <img
                  alt="pick btn"
                  className="makeStyles-icon-24"
                  src="icon-scissors.svg"
                />
              </div>
            </span>
            <span
              className="MuiTouchRipple-root"
            />
          </a>
        </div>
      </div>
    </div>
    <img
      alt=""
      className="makeStyles-triangle-3"
      src="bg-triangle.svg"
    />
  </div>
  <div
    className="MuiBox-root MuiBox-root-43 makeStyles-footer-42"
  >
    <div
      className="MuiBox-root MuiBox-root-44"
    >
      <button
        className="MuiButtonBase-root MuiButton-root MuiButton-text makeStyles-startBtn-45"
        disabled={false}
        onBlur={[Function]}
        onClick={[Function]}
        onDragLeave={[Function]}
        onFocus={[Function]}
        onKeyDown={[Function]}
        onKeyUp={[Function]}
        onMouseDown={[Function]}
        onMouseLeave={[Function]}
        onMouseUp={[Function]}
        onTouchEnd={[Function]}
        onTouchMove={[Function]}
        onTouchStart={[Function]}
        tabIndex={0}
        type="button"
      >
        <span
          className="MuiButton-label"
        >
          Sart New Match
        </span>
        <span
          className="MuiTouchRipple-root"
        />
      </button>
    </div>
    <div
      className="MuiBox-root MuiBox-root-46"
    >
      <div
        className="MuiBox-root MuiBox-root-55 makeStyles-main-47"
      >
        <button
          className="MuiButtonBase-root MuiButton-root MuiButton-outlined makeStyles-btn-54 MuiButton-outlinedPrimary"
          disabled={false}
          onBlur={[Function]}
          onClick={[Function]}
          onDragLeave={[Function]}
          onFocus={[Function]}
          onKeyDown={[Function]}
          onKeyUp={[Function]}
          onMouseDown={[Function]}
          onMouseLeave={[Function]}
          onMouseUp={[Function]}
          onTouchEnd={[Function]}
          onTouchMove={[Function]}
          onTouchStart={[Function]}
          tabIndex={0}
          type="button"
        >
          <span
            className="MuiButton-label"
          >
            Rules
          </span>
          <span
            className="MuiTouchRipple-root"
          />
        </button>
      </div>
    </div>
  </div>
</div>
`;
