// Jest Snapshot v1, https://goo.gl/fbAQLP

exports[`tests on <StartBtn/> should render <StartBtn/> correctly 1`] = `
<button
  className="MuiButtonBase-root MuiButton-root MuiButton-text makeStyles-startBtn-1"
  disabled={false}
  onBlur={[Function]}
  onClick={[Function]}
  onDragLeave={[Function]}
  onFocus={[Function]}
  onKeyDown={[Function]}
  onKeyUp={[Function]}
  onMouseDown={[Function]}
  onMouseLeave={[Function]}
  onMouseUp={[Function]}
  onTouchEnd={[Function]}
  onTouchMove={[Function]}
  onTouchStart={[Function]}
  tabIndex={0}
  type="button"
>
  <span
    className="MuiButton-label"
  >
    Sart New Match
  </span>
  <span
    className="MuiTouchRipple-root"
  />
</button>
`;
