// Jest Snapshot v1, https://goo.gl/fbAQLP

exports[`tests on <PickBtn/> should render <PickBtn/> correctly 1`] = `
<div
  className="MuiBox-root MuiBox-root-14 makeStyles-main-1"
>
  <a
    aria-disabled={false}
    className="MuiButtonBase-root MuiIconButton-root makeStyles-btn-2 makeStyles-btnRock-8"
    href="/game"
    onBlur={[Function]}
    onClick={[Function]}
    onDragLeave={[Function]}
    onFocus={[Function]}
    onKeyDown={[Function]}
    onKeyUp={[Function]}
    onMouseDown={[Function]}
    onMouseLeave={[Function]}
    onMouseUp={[Function]}
    onTouchEnd={[Function]}
    onTouchMove={[Function]}
    onTouchStart={[Function]}
    role="button"
    tabIndex={0}
  >
    <span
      className="MuiIconButton-label"
    >
      <div
        className="MuiBox-root MuiBox-root-15 makeStyles-iconContainer-6"
      >
        <img
          alt="pick btn"
          className="makeStyles-icon-4"
          src="icon-rock.svg"
        />
      </div>
    </span>
    <span
      className="MuiTouchRipple-root"
    />
  </a>
</div>
`;
