// Jest Snapshot v1, https://goo.gl/fbAQLP

exports[`tests on <RulesModal/> should render <RulesModal/> correctly 1`] = `
<div
  className="MuiBox-root MuiBox-root-9 makeStyles-main-1"
>
  <button
    className="MuiButtonBase-root MuiButton-root MuiButton-outlined makeStyles-btn-8 MuiButton-outlinedPrimary"
    disabled={false}
    onBlur={[Function]}
    onClick={[Function]}
    onDragLeave={[Function]}
    onFocus={[Function]}
    onKeyDown={[Function]}
    onKeyUp={[Function]}
    onMouseDown={[Function]}
    onMouseLeave={[Function]}
    onMouseUp={[Function]}
    onTouchEnd={[Function]}
    onTouchMove={[Function]}
    onTouchStart={[Function]}
    tabIndex={0}
    type="button"
  >
    <span
      className="MuiButton-label"
    >
      Rules
    </span>
    <span
      className="MuiTouchRipple-root"
    />
  </button>
</div>
`;
